// Jest Snapshot v1, https://goo.gl/fbAQLP

exports[`generateCssPropertyMap works 1`] = `"foo"`;
